=== Job info ===
Job ID: 93045
Host: node203
PWD:  /var/scratch/dpp2567/cs336-assignment2-systems
Date: Sat Mar 14 14:42:24 CET 2026

=== GPU info ===
Sat Mar 14 14:42:26 2026       
+-----------------------------------------------------------------------------------------+
| NVIDIA-SMI 560.35.03              Driver Version: 560.35.03      CUDA Version: 12.6     |
|-----------------------------------------+------------------------+----------------------+
| GPU  Name                 Persistence-M | Bus-Id          Disp.A | Volatile Uncorr. ECC |
| Fan  Temp   Perf          Pwr:Usage/Cap |           Memory-Usage | GPU-Util  Compute M. |
|                                         |                        |               MIG M. |
|=========================================+========================+======================|
|   0  NVIDIA GeForce GTX 1080 Ti     Off |   00000000:02:00.0 Off |                  N/A |
| 19%   27C    P0             59W /  250W |       0MiB /  11264MiB |      0%      Default |
|                                         |                        |                  N/A |
+-----------------------------------------+------------------------+----------------------+
|   1  NVIDIA GeForce GTX 1080 Ti     Off |   00000000:03:00.0 Off |                  N/A |
| 15%   32C    P0             61W /  250W |       0MiB /  11264MiB |      0%      Default |
|                                         |                        |                  N/A |
+-----------------------------------------+------------------------+----------------------+
|   2  NVIDIA GeForce GTX 1080 Ti     Off |   00000000:82:00.0 Off |                  N/A |
| 16%   29C    P0             60W /  250W |       0MiB /  11264MiB |      0%      Default |
|                                         |                        |                  N/A |
+-----------------------------------------+------------------------+----------------------+
|   3  NVIDIA GeForce GTX 1080 Ti     Off |   00000000:83:00.0 Off |                  N/A |
| 14%   26C    P0             53W /  250W |       0MiB /  11264MiB |      1%      Default |
|                                         |                        |                  N/A |
+-----------------------------------------+------------------------+----------------------+
                                                                                         
+-----------------------------------------------------------------------------------------+
| Processes:                                                                              |
|  GPU   GI   CI        PID   Type   Process name                              GPU Memory |
|        ID   ID                                                               Usage      |
|=========================================================================================|
|  No running processes found                                                             |
+-----------------------------------------------------------------------------------------+

=== Python / uv info ===
/var/scratch/dpp2567/miniconda3/bin/python
/var/scratch/dpp2567/miniconda3/bin/uv
Python 3.13.11

=== 1.1.3 Benchmark start ===
=== a ===
{
  "config": {
    "size": "small",
    "spec": {
      "d_model": 768,
      "d_ff": 3072,
      "num_layers": 12,
      "num_heads": 12
    },
    "batch_size": 4,
    "context_length": 128,
    "vocab_size": 10000,
    "mode": "forward-backward",
    "loss": "cross_entropy",
    "warmup_steps": 5,
    "measure_steps": 10,
    "device": "cuda",
    "dtype": "float32"
  },
  "forward_ms": {
    "mean": 38.43763582408428,
    "stdev": 0.13311472575807326,
    "all": [
      38.32579404115677,
      38.37938234210014,
      38.43417763710022,
      38.45283389091492,
      38.31615298986435,
      38.36517781019211,
      38.47935050725937,
      38.35586458444595,
      38.49610686302185,
      38.77151757478714
    ]
  },
  "backward_ms": {
    "mean": 51.189666613936424,
    "stdev": 0.386758887038485,
    "all": [
      51.01127177476883,
      51.069118082523346,
      51.089175045490265,
      51.00185424089432,
      51.038846373558044,
      51.14481970667839,
      51.09264329075813,
      51.07111483812332,
      52.28380486369133,
      51.094017922878265
    ]
  },
  "total_fwd_bwd_ms": {
    "mean": 89.6273024380207,
    "stdev": 0.43117019524275807,
    "all": [
      89.3370658159256,
      89.44850042462349,
      89.52335268259048,
      89.45468813180923,
      89.3549993634224,
      89.5099975168705,
      89.5719937980175,
      89.42697942256927,
      90.77991172671318,
      89.8655354976654
    ]
  }
}
=== b ===
===== small =====
{
  "config": {
    "size": "small",
    "spec": {
      "d_model": 768,
      "d_ff": 3072,
      "num_layers": 12,
      "num_heads": 12
    },
    "batch_size": 4,
    "context_length": 128,
    "vocab_size": 10000,
    "mode": "forward-backward",
    "loss": "cross_entropy",
    "warmup_steps": 5,
    "measure_steps": 10,
    "device": "cuda",
    "dtype": "float32"
  },
  "forward_ms": {
    "mean": 38.084517791867256,
    "stdev": 0.12402696176940729,
    "all": [
      38.20226714015007,
      38.037609308958054,
      37.97019273042679,
      37.89684921503067,
      38.02560269832611,
      37.97641396522522,
      38.28836232423782,
      38.19156438112259,
      38.160648196935654,
      38.09566795825958
    ]
  },
  "backward_ms": {
    "mean": 51.27805806696415,
    "stdev": 0.42069181797553795,
    "all": [
      52.424028515815735,
      51.17521807551384,
      51.00913345813751,
      50.99530145525932,
      50.99063366651535,
      51.16358771920204,
      51.35268718004227,
      51.162149757146835,
      51.27456784248352,
      51.23327299952507
    ]
  },
  "total_fwd_bwd_ms": {
    "mean": 89.3625758588314,
    "stdev": 0.49901200285390834,
    "all": [
      90.6262956559658,
      89.2128273844719,
      88.9793261885643,
      88.89215067029,
      89.01623636484146,
      89.14000168442726,
      89.64104950428009,
      89.35371413826942,
      89.43521603941917,
      89.32894095778465
    ]
  }
}
===== medium =====
{
  "config": {
    "size": "medium",
    "spec": {
      "d_model": 1024,
      "d_ff": 4096,
      "num_layers": 24,
      "num_heads": 16
    },
    "batch_size": 4,
    "context_length": 128,
    "vocab_size": 10000,
    "mode": "forward-backward",
    "loss": "cross_entropy",
    "warmup_steps": 5,
    "measure_steps": 10,
    "device": "cuda",
    "dtype": "float32"
  },
  "forward_ms": {
    "mean": 74.66483078897,
    "stdev": 0.14127351095935167,
    "all": [
      74.72488656640053,
      74.48171824216843,
      74.78949427604675,
      74.56397637724876,
      74.40236955881119,
      74.63708892464638,
      74.70407336950302,
      74.82989877462387,
      74.73297789692879,
      74.78182390332222
    ]
  },
  "backward_ms": {
    "mean": 150.85831135511398,
    "stdev": 0.23216291836206548,
    "all": [
      150.6524495780468,
      150.73804557323456,
      150.71800351142883,
      150.63266828656197,
      151.15885064005852,
      150.71982145309448,
      150.85552632808685,
      150.7168747484684,
      151.17506310343742,
      151.215810328722
    ]
  },
  "total_fwd_bwd_ms": {
    "mean": 225.52314214408398,
    "stdev": 0.2633973667178998,
    "all": [
      225.37733614444733,
      225.21976381540298,
      225.5074977874756,
      225.19664466381073,
      225.5612201988697,
      225.35691037774086,
      225.55959969758987,
      225.54677352309227,
      225.9080410003662,
      225.99763423204422
    ]
  }
}
===== large =====
{
  "config": {
    "size": "large",
    "spec": {
      "d_model": 1280,
      "d_ff": 5120,
      "num_layers": 36,
      "num_heads": 20
    },
    "batch_size": 4,
    "context_length": 128,
    "vocab_size": 10000,
    "mode": "forward-backward",
    "loss": "cross_entropy",
    "warmup_steps": 5,
    "measure_steps": 10,
    "device": "cuda",
    "dtype": "float32"
  },
  "forward_ms": {
    "mean": 170.91579735279083,
    "stdev": 0.16760362551755367,
    "all": [
      170.79508304595947,
      170.59823498129845,
      170.7037203013897,
      170.9964983165264,
      171.1030751466751,
      171.01259529590607,
      170.98892107605934,
      171.02201282978058,
      171.06688767671585,
      170.87094485759735
    ]
  },
  "backward_ms": {
    "mean": 340.6296819448471,
    "stdev": 0.3513748041362073,
    "all": [
      340.533297508955,
      339.99063074588776,
      340.944517403841,
      340.7967947423458,
      340.40575101971626,
      340.1503823697567,
      341.04545786976814,
      340.8959321677685,
      340.81749618053436,
      340.71655943989754
    ]
  },
  "total_fwd_bwd_ms": {
    "mean": 511.54547929763794,
    "stdev": 0.431565529090899,
    "all": [
      511.3283805549145,
      510.5888657271862,
      511.6482377052307,
      511.7932930588722,
      511.5088261663914,
      511.16297766566277,
      512.0343789458275,
      511.91794499754906,
      511.8843838572502,
      511.5875042974949
    ]
  }
}
=== c ===
===== warmup=0 =====
{
  "config": {
    "size": "small",
    "spec": {
      "d_model": 768,
      "d_ff": 3072,
      "num_layers": 12,
      "num_heads": 12
    },
    "batch_size": 4,
    "context_length": 128,
    "vocab_size": 10000,
    "mode": "forward-backward",
    "loss": "cross_entropy",
    "warmup_steps": 0,
    "measure_steps": 10,
    "device": "cuda",
    "dtype": "float32"
  },
  "forward_ms": {
    "mean": 75.746139138937,
    "stdev": 118.24632708830497,
    "all": [
      412.280336022377,
      39.018414914608,
      38.38715702295303,
      38.331665098667145,
      38.18106651306152,
      38.2506363093853,
      38.128562271595,
      38.20274770259857,
      38.30137103796005,
      38.37943449616432
    ]
  },
  "backward_ms": {
    "mean": 61.59613020718098,
    "stdev": 29.984028336071475,
    "all": [
      146.77033573389053,
      56.83843418955803,
      53.58189344406128,
      52.17648670077324,
      51.081158220767975,
      51.08597129583359,
      51.076874136924744,
      51.1183999478817,
      51.14567652344704,
      51.086071878671646
    ]
  },
  "total_fwd_bwd_ms": {
    "mean": 137.34226934611797,
    "stdev": 148.18784403567912,
    "all": [
      559.0506717562675,
      95.85684910416603,
      91.96905046701431,
      90.50815179944038,
      89.2622247338295,
      89.33660760521889,
      89.20543640851974,
      89.32114765048027,
      89.44704756140709,
      89.46550637483597
    ]
  }
}
===== warmup=1 =====
{
  "config": {
    "size": "small",
    "spec": {
      "d_model": 768,
      "d_ff": 3072,
      "num_layers": 12,
      "num_heads": 12
    },
    "batch_size": 4,
    "context_length": 128,
    "vocab_size": 10000,
    "mode": "forward-backward",
    "loss": "cross_entropy",
    "warmup_steps": 1,
    "measure_steps": 10,
    "device": "cuda",
    "dtype": "float32"
  },
  "forward_ms": {
    "mean": 38.59318308532238,
    "stdev": 0.31395960706849224,
    "all": [
      39.45115953683853,
      38.636088371276855,
      38.59986737370491,
      38.392066955566406,
      38.451340049505234,
      38.59790787100792,
      38.5039858520031,
      38.46508637070656,
      38.38394582271576,
      38.45038264989853
    ]
  },
  "backward_ms": {
    "mean": 52.76270434260368,
    "stdev": 2.3552572826831195,
    "all": [
      58.00529196858406,
      55.770669132471085,
      53.52318286895752,
      52.491895854473114,
      51.275212317705154,
      51.246825605630875,
      51.32860317826271,
      51.295895129442215,
      51.366087049245834,
      51.32338032126427
    ]
  },
  "total_fwd_bwd_ms": {
    "mean": 91.35588742792606,
    "stdev": 2.629328399577231,
    "all": [
      97.45645150542259,
      94.40675750374794,
      92.12305024266243,
      90.88396281003952,
      89.72655236721039,
      89.8447334766388,
      89.83258903026581,
      89.76098150014877,
      89.7500328719616,
      89.7737629711628
    ]
  }
}
===== warmup=2 =====
{
  "config": {
    "size": "small",
    "spec": {
      "d_model": 768,
      "d_ff": 3072,
      "num_layers": 12,
      "num_heads": 12
    },
    "batch_size": 4,
    "context_length": 128,
    "vocab_size": 10000,
    "mode": "forward-backward",
    "loss": "cross_entropy",
    "warmup_steps": 2,
    "measure_steps": 10,
    "device": "cuda",
    "dtype": "float32"
  },
  "forward_ms": {
    "mean": 39.56603966653347,
    "stdev": 0.13852858422326123,
    "all": [
      39.84236344695091,
      39.63789343833923,
      39.60730880498886,
      39.339471608400345,
      39.5456962287426,
      39.58914428949356,
      39.396751672029495,
      39.636239409446716,
      39.5062230527401,
      39.55930471420288
    ]
  },
  "backward_ms": {
    "mean": 52.807507291436195,
    "stdev": 2.475742941298182,
    "all": [
      58.5457943379879,
      55.79347163438797,
      53.209878504276276,
      52.53997817635536,
      51.2959286570549,
      51.34405195713043,
      51.29470303654671,
      51.32005363702774,
      51.38157308101654,
      51.349639892578125
    ]
  },
  "total_fwd_bwd_ms": {
    "mean": 92.37354695796967,
    "stdev": 2.572907947385317,
    "all": [
      98.38815778493881,
      95.4313650727272,
      92.81718730926514,
      91.8794497847557,
      90.8416248857975,
      90.933196246624,
      90.6914547085762,
      90.95629304647446,
      90.88779613375664,
      90.908944606781
    ]
  }
}
===== warmup=5 =====
{
  "config": {
    "size": "small",
    "spec": {
      "d_model": 768,
      "d_ff": 3072,
      "num_layers": 12,
      "num_heads": 12
    },
    "batch_size": 4,
    "context_length": 128,
    "vocab_size": 10000,
    "mode": "forward-backward",
    "loss": "cross_entropy",
    "warmup_steps": 5,
    "measure_steps": 10,
    "device": "cuda",
    "dtype": "float32"
  },
  "forward_ms": {
    "mean": 39.06489796936512,
    "stdev": 0.08601025821613927,
    "all": [
      39.05816003680229,
      39.03909772634506,
      39.0094555914402,
      39.25514966249466,
      39.02382031083107,
      39.12068158388138,
      38.99360075592995,
      38.953423500061035,
      39.06519338488579,
      39.13039714097977
    ]
  },
  "backward_ms": {
    "mean": 51.31027027964592,
    "stdev": 0.0539936916868025,
    "all": [
      51.401957869529724,
      51.31066590547562,
      51.26677826046944,
      51.31043866276741,
      51.26003175973892,
      51.33149400353432,
      51.37147754430771,
      51.269564777612686,
      51.3482503592968,
      51.23204365372658
    ]
  },
  "total_fwd_bwd_ms": {
    "mean": 90.37516824901104,
    "stdev": 0.10168906103205785,
    "all": [
      90.46011790633202,
      90.34976363182068,
      90.27623385190964,
      90.56558832526207,
      90.28385207056999,
      90.4521755874157,
      90.36507830023766,
      90.22298827767372,
      90.41344374418259,
      90.36244079470634
    ]
  }
}
=== Done ===
Sat Mar 14 14:43:53 CET 2026
