=== Job info ===
Job ID: 93048
Host: node219
PWD:  /var/scratch/dpp2567/cs336-assignment2-systems
Date: Sat Mar 14 17:49:43 CET 2026

=== GPU info ===
Sat Mar 14 17:49:45 2026       
+-----------------------------------------------------------------------------------------+
| NVIDIA-SMI 560.35.03              Driver Version: 560.35.03      CUDA Version: 12.6     |
|-----------------------------------------+------------------------+----------------------+
| GPU  Name                 Persistence-M | Bus-Id          Disp.A | Volatile Uncorr. ECC |
| Fan  Temp   Perf          Pwr:Usage/Cap |           Memory-Usage | GPU-Util  Compute M. |
|                                         |                        |               MIG M. |
|=========================================+========================+======================|
|   0  NVIDIA TITAN RTX               Off |   00000000:02:00.0 Off |                  N/A |
| 31%   35C    P0             66W /  280W |       1MiB /  24576MiB |      0%      Default |
|                                         |                        |                  N/A |
+-----------------------------------------+------------------------+----------------------+
|   1  NVIDIA TITAN RTX               Off |   00000000:82:00.0 Off |                  N/A |
| 27%   34C    P0             66W /  280W |       1MiB /  24576MiB |      0%      Default |
|                                         |                        |                  N/A |
+-----------------------------------------+------------------------+----------------------+
                                                                                         
+-----------------------------------------------------------------------------------------+
| Processes:                                                                              |
|  GPU   GI   CI        PID   Type   Process name                              GPU Memory |
|        ID   ID                                                               Usage      |
|=========================================================================================|
|  No running processes found                                                             |
+-----------------------------------------------------------------------------------------+

=== Python / uv info ===
/var/scratch/dpp2567/miniconda3/bin/python
/var/scratch/dpp2567/miniconda3/bin/uv
Python 3.13.11

=== 1.1.3 Benchmark start ===
=== a ===
{
  "config": {
    "size": "small",
    "spec": {
      "d_model": 768,
      "d_ff": 3072,
      "num_layers": 12,
      "num_heads": 12
    },
    "batch_size": 4,
    "context_length": 128,
    "vocab_size": 10000,
    "mode": "forward-backward",
    "loss": "cross_entropy",
    "warmup_steps": 5,
    "measure_steps": 10,
    "device": "cuda",
    "dtype": "float32",
    "amp": "none",
    "annotate_attention": false,
    "memory_profile": false
  },
  "forward_ms": {
    "mean": 37.710605934262276,
    "stdev": 0.26544958531202995,
    "all": [
      37.93429210782051,
      37.384651601314545,
      37.94858977198601,
      37.863656878471375,
      37.65314072370529,
      38.04439306259155,
      37.40226477384567,
      37.955667823553085,
      37.491925060749054,
      37.42747753858566
    ]
  },
  "total_step_ms": {
    "mean": 81.55997209250927,
    "stdev": 0.2210271048266579,
    "all": [
      81.57161623239517,
      81.33690804243088,
      81.91677182912827,
      81.75278827548027,
      81.65726438164711,
      81.63881301879883,
      81.36816695332527,
      81.72525838017464,
      81.20089396834373,
      81.43123984336853
    ]
  },
  "backward_ms": {
    "mean": 43.849366158246994,
    "stdev": 0.15765240420285567,
    "all": [
      43.63732412457466,
      43.95225644111633,
      43.96818205714226,
      43.889131397008896,
      44.00412365794182,
      43.594419956207275,
      43.9659021794796,
      43.76959055662155,
      43.70896890759468,
      44.00376230478287
    ]
  }
}
=== b ===
===== small =====
{
  "config": {
    "size": "small",
    "spec": {
      "d_model": 768,
      "d_ff": 3072,
      "num_layers": 12,
      "num_heads": 12
    },
    "batch_size": 4,
    "context_length": 128,
    "vocab_size": 10000,
    "mode": "forward-backward",
    "loss": "cross_entropy",
    "warmup_steps": 5,
    "measure_steps": 10,
    "device": "cuda",
    "dtype": "float32",
    "amp": "none",
    "annotate_attention": false,
    "memory_profile": false
  },
  "forward_ms": {
    "mean": 39.31361064314842,
    "stdev": 0.17430027286750976,
    "all": [
      39.52086344361305,
      39.154961705207825,
      39.35850411653519,
      39.318401366472244,
      39.16459158062935,
      39.43340852856636,
      39.12566974759102,
      39.64244946837425,
      39.23318535089493,
      39.184071123600006
    ]
  },
  "total_step_ms": {
    "mean": 82.09419399499893,
    "stdev": 0.2818627078324393,
    "all": [
      81.89177513122559,
      81.88986778259277,
      82.0850245654583,
      81.84487372636795,
      81.90352842211723,
      82.33723044395447,
      81.8670280277729,
      82.58487284183502,
      82.51507952809334,
      82.02265948057175
    ]
  },
  "backward_ms": {
    "mean": 42.78058335185051,
    "stdev": 0.24420905844238067,
    "all": [
      42.370911687612534,
      42.73490607738495,
      42.72652044892311,
      42.526472359895706,
      42.738936841487885,
      42.90382191538811,
      42.741358280181885,
      42.94242337346077,
      43.28189417719841,
      42.83858835697174
    ]
  }
}
===== medium =====
{
  "config": {
    "size": "medium",
    "spec": {
      "d_model": 1024,
      "d_ff": 4096,
      "num_layers": 24,
      "num_heads": 16
    },
    "batch_size": 4,
    "context_length": 128,
    "vocab_size": 10000,
    "mode": "forward-backward",
    "loss": "cross_entropy",
    "warmup_steps": 5,
    "measure_steps": 10,
    "device": "cuda",
    "dtype": "float32",
    "amp": "none",
    "annotate_attention": false,
    "memory_profile": false
  },
  "forward_ms": {
    "mean": 75.94412639737129,
    "stdev": 1.6794063543013908,
    "all": [
      77.38351449370384,
      77.47051864862442,
      77.40841060876846,
      76.86891779303551,
      77.31115072965622,
      76.88868418335915,
      73.43434542417526,
      74.0291140973568,
      74.29856061935425,
      74.34804737567902
    ]
  },
  "total_step_ms": {
    "mean": 168.8889779150486,
    "stdev": 1.6895281168850622,
    "all": [
      170.32748088240623,
      170.26712372899055,
      170.51979526877403,
      169.7908416390419,
      170.40077224373817,
      169.77772116661072,
      166.73125326633453,
      166.80394113063812,
      167.23693907260895,
      167.03391075134277
    ]
  },
  "backward_ms": {
    "mean": 92.94485151767731,
    "stdev": 0.18082499474827232,
    "all": [
      92.94396638870239,
      92.79660508036613,
      93.11138466000557,
      92.9219238460064,
      93.08962151408195,
      92.88903698325157,
      93.29690784215927,
      92.77482703328133,
      92.9383784532547,
      92.68586337566376
    ]
  }
}
===== large =====
{
  "config": {
    "size": "large",
    "spec": {
      "d_model": 1280,
      "d_ff": 5120,
      "num_layers": 36,
      "num_heads": 20
    },
    "batch_size": 4,
    "context_length": 128,
    "vocab_size": 10000,
    "mode": "forward-backward",
    "loss": "cross_entropy",
    "warmup_steps": 5,
    "measure_steps": 10,
    "device": "cuda",
    "dtype": "float32",
    "amp": "none",
    "annotate_attention": false,
    "memory_profile": false
  },
  "forward_ms": {
    "mean": 116.98055602610111,
    "stdev": 0.20213648565368042,
    "all": [
      116.79485067725182,
      116.83177947998047,
      117.3255629837513,
      117.19509586691856,
      116.66816100478172,
      116.9029213488102,
      116.95844307541847,
      117.11892858147621,
      117.10886657238007,
      116.90095067024231
    ]
  },
  "total_step_ms": {
    "mean": 327.99393497407436,
    "stdev": 0.38400253375683796,
    "all": [
      327.46899127960205,
      327.3623287677765,
      328.0026391148567,
      328.1213082373142,
      327.7888335287571,
      328.13333719968796,
      328.2245211303234,
      328.0700221657753,
      328.70930805802345,
      328.05806025862694
    ]
  },
  "backward_ms": {
    "mean": 211.01337894797325,
    "stdev": 0.3266936871039719,
    "all": [
      210.67414060235023,
      210.53054928779602,
      210.67707613110542,
      210.92621237039566,
      211.12067252397537,
      211.23041585087776,
      211.26607805490494,
      210.9510935842991,
      211.6004414856434,
      211.15710958838463
    ]
  }
}
=== c ===
===== warmup=0 =====
{
  "config": {
    "size": "small",
    "spec": {
      "d_model": 768,
      "d_ff": 3072,
      "num_layers": 12,
      "num_heads": 12
    },
    "batch_size": 4,
    "context_length": 128,
    "vocab_size": 10000,
    "mode": "forward-backward",
    "loss": "cross_entropy",
    "warmup_steps": 0,
    "measure_steps": 10,
    "device": "cuda",
    "dtype": "float32",
    "amp": "none",
    "annotate_attention": false,
    "memory_profile": false
  },
  "forward_ms": {
    "mean": 81.02692142128944,
    "stdev": 131.07922157288272,
    "all": [
      454.08349111676216,
      40.28869420289993,
      39.62274268269539,
      39.80184718966484,
      39.919909089803696,
      38.971491158008575,
      39.359260350465775,
      39.41274434328079,
      39.32591155171394,
      39.483122527599335
    ]
  },
  "total_step_ms": {
    "mean": 136.0259260982275,
    "stdev": 167.2253286524797,
    "all": [
      611.9558103382587,
      83.63427221775055,
      83.29366520047188,
      83.68898555636406,
      83.54230225086212,
      82.28180557489395,
      83.03077146410942,
      82.5374461710453,
      83.18360149860382,
      83.11060070991516
    ]
  },
  "backward_ms": {
    "mean": 54.99900467693806,
    "stdev": 36.146806641719344,
    "all": [
      157.87231922149658,
      43.34557801485062,
      43.67092251777649,
      43.88713836669922,
      43.622393161058426,
      43.310314416885376,
      43.671511113643646,
      43.12470182776451,
      43.85768994688988,
      43.627478182315826
    ]
  }
}
===== warmup=1 =====
{
  "config": {
    "size": "small",
    "spec": {
      "d_model": 768,
      "d_ff": 3072,
      "num_layers": 12,
      "num_heads": 12
    },
    "batch_size": 4,
    "context_length": 128,
    "vocab_size": 10000,
    "mode": "forward-backward",
    "loss": "cross_entropy",
    "warmup_steps": 1,
    "measure_steps": 10,
    "device": "cuda",
    "dtype": "float32",
    "amp": "none",
    "annotate_attention": false,
    "memory_profile": false
  },
  "forward_ms": {
    "mean": 38.92853148281574,
    "stdev": 0.40760698225769165,
    "all": [
      39.62695226073265,
      39.20268639922142,
      39.07440975308418,
      39.417386054992676,
      38.486070930957794,
      38.96529972553253,
      38.47549855709076,
      38.72308507561684,
      38.45695033669472,
      38.856975734233856
    ]
  },
  "total_step_ms": {
    "mean": 80.23772463202477,
    "stdev": 0.46428347033194184,
    "all": [
      81.13822713494301,
      80.47909662127495,
      80.32873272895813,
      80.60913532972336,
      79.9664780497551,
      80.10172471404076,
      79.68868687748909,
      80.197773873806,
      79.51856777071953,
      80.34882321953773
    ]
  },
  "backward_ms": {
    "mean": 41.30919314920902,
    "stdev": 0.16637998091062217,
    "all": [
      41.51127487421036,
      41.27641022205353,
      41.25432297587395,
      41.19174927473068,
      41.4804071187973,
      41.136424988508224,
      41.21318832039833,
      41.47468879818916,
      41.06161743402481,
      41.49184748530388
    ]
  }
}
===== warmup=2 =====
{
  "config": {
    "size": "small",
    "spec": {
      "d_model": 768,
      "d_ff": 3072,
      "num_layers": 12,
      "num_heads": 12
    },
    "batch_size": 4,
    "context_length": 128,
    "vocab_size": 10000,
    "mode": "forward-backward",
    "loss": "cross_entropy",
    "warmup_steps": 2,
    "measure_steps": 10,
    "device": "cuda",
    "dtype": "float32",
    "amp": "none",
    "annotate_attention": false,
    "memory_profile": false
  },
  "forward_ms": {
    "mean": 39.13495093584061,
    "stdev": 0.3189562940983419,
    "all": [
      39.21874612569809,
      39.65640813112259,
      39.16298598051071,
      39.12046179175377,
      38.751449435949326,
      39.12564367055893,
      38.89230266213417,
      39.47355970740318,
      39.33670371770859,
      38.61124813556671
    ]
  },
  "total_step_ms": {
    "mean": 80.84930144250393,
    "stdev": 0.4268065861099274,
    "all": [
      81.11288025975227,
      81.44062384963036,
      80.88593930006027,
      80.64518868923187,
      80.36354184150696,
      80.79460263252258,
      80.48492670059204,
      81.43210038542747,
      81.11337199807167,
      80.21983876824379
    ]
  },
  "backward_ms": {
    "mean": 41.71435050666332,
    "stdev": 0.13954941870231508,
    "all": [
      41.894134134054184,
      41.78421571850777,
      41.72295331954956,
      41.524726897478104,
      41.61209240555763,
      41.668958961963654,
      41.59262403845787,
      41.95854067802429,
      41.77666828036308,
      41.60859063267708
    ]
  }
}
===== warmup=5 =====
{
  "config": {
    "size": "small",
    "spec": {
      "d_model": 768,
      "d_ff": 3072,
      "num_layers": 12,
      "num_heads": 12
    },
    "batch_size": 4,
    "context_length": 128,
    "vocab_size": 10000,
    "mode": "forward-backward",
    "loss": "cross_entropy",
    "warmup_steps": 5,
    "measure_steps": 10,
    "device": "cuda",
    "dtype": "float32",
    "amp": "none",
    "annotate_attention": false,
    "memory_profile": false
  },
  "forward_ms": {
    "mean": 39.391737803816795,
    "stdev": 0.27725201458726767,
    "all": [
      39.8661307990551,
      39.309337735176086,
      39.38935324549675,
      39.609599858522415,
      39.02987018227577,
      39.61397334933281,
      38.94444927573204,
      39.47663679718971,
      39.24068063497543,
      39.437346160411835
    ]
  },
  "total_step_ms": {
    "mean": 81.00968040525913,
    "stdev": 0.3438424082564461,
    "all": [
      81.30709454417229,
      80.54408431053162,
      81.27756416797638,
      81.08499646186829,
      81.24273270368576,
      81.54022321105003,
      80.805204808712,
      80.77732473611832,
      80.50989359617233,
      81.0076855123043
    ]
  },
  "backward_ms": {
    "mean": 41.61794260144234,
    "stdev": 0.3339985340618289,
    "all": [
      41.44096374511719,
      41.23474657535553,
      41.88821092247963,
      41.47539660334587,
      42.21286252140999,
      41.926249861717224,
      41.860755532979965,
      41.300687938928604,
      41.2692129611969,
      41.57033935189247
    ]
  }
}
=== Done ===
Sat Mar 14 17:51:46 CET 2026
