=== Job info ===
Job ID: 93051
Host: node203
Date: Sat Mar 14 15:27:45 CET 2026

=== FP32 memory profiles (parts a,b) ===
=== Memory profiling size=large ctx=128 mode=forward amp=none ===
=== Memory profiling size=large ctx=128 mode=train_step amp=none ===
Traceback (most recent call last):
  File "<frozen runpy>", line 198, in _run_module_as_main
  File "<frozen runpy>", line 88, in _run_code
  File "/var/scratch/dpp2567/cs336-assignment2-systems/cs336_systems/benchmark.py", line 288, in <module>
    main()
  File "/var/scratch/dpp2567/cs336-assignment2-systems/cs336_systems/benchmark.py", line 196, in main
    run_step(profiled=False)
  File "/var/scratch/dpp2567/cs336-assignment2-systems/cs336_systems/benchmark.py", line 188, in run_step
    optimizer.step()
  File "/var/scratch/dpp2567/.venvs/cs336-assignment2-systems/lib/python3.12/site-packages/torch/optim/optimizer.py", line 493, in wrapper
    out = func(*args, **kwargs)
          ^^^^^^^^^^^^^^^^^^^^^
  File "/var/scratch/dpp2567/.venvs/cs336-assignment2-systems/lib/python3.12/site-packages/torch/optim/optimizer.py", line 91, in _use_grad
    ret = func(self, *args, **kwargs)
          ^^^^^^^^^^^^^^^^^^^^^^^^^^^
  File "/var/scratch/dpp2567/.venvs/cs336-assignment2-systems/lib/python3.12/site-packages/torch/optim/adamw.py", line 232, in step
    has_complex = self._init_group(
                  ^^^^^^^^^^^^^^^^^
  File "/var/scratch/dpp2567/.venvs/cs336-assignment2-systems/lib/python3.12/site-packages/torch/optim/adamw.py", line 175, in _init_group
    state["exp_avg_sq"] = torch.zeros_like(
                          ^^^^^^^^^^^^^^^^^
torch.OutOfMemoryError: CUDA out of memory. Tried to allocate 20.00 MiB. GPU 0 has a total capacity of 10.90 GiB of which 7.31 MiB is free. Including non-PyTorch memory, this process has 10.89 GiB memory in use. Of the allocated memory 10.48 GiB is allocated by PyTorch, and 249.94 MiB is reserved by PyTorch but unallocated. If reserved but unallocated memory is large try setting PYTORCH_CUDA_ALLOC_CONF=expandable_segments:True to avoid fragmentation.  See documentation for Memory Management  (https://pytorch.org/docs/stable/notes/cuda.html#environment-variables)
WARNING: run failed (likely OOM): ctx=128, mode=train_step, amp=none
=== Memory profiling size=large ctx=256 mode=forward amp=none ===
=== Memory profiling size=large ctx=256 mode=train_step amp=none ===
Traceback (most recent call last):
  File "<frozen runpy>", line 198, in _run_module_as_main
  File "<frozen runpy>", line 88, in _run_code
  File "/var/scratch/dpp2567/cs336-assignment2-systems/cs336_systems/benchmark.py", line 288, in <module>
    main()
  File "/var/scratch/dpp2567/cs336-assignment2-systems/cs336_systems/benchmark.py", line 196, in main
    run_step(profiled=False)
  File "/var/scratch/dpp2567/cs336-assignment2-systems/cs336_systems/benchmark.py", line 188, in run_step
    optimizer.step()
  File "/var/scratch/dpp2567/.venvs/cs336-assignment2-systems/lib/python3.12/site-packages/torch/optim/optimizer.py", line 493, in wrapper
    out = func(*args, **kwargs)
          ^^^^^^^^^^^^^^^^^^^^^
  File "/var/scratch/dpp2567/.venvs/cs336-assignment2-systems/lib/python3.12/site-packages/torch/optim/optimizer.py", line 91, in _use_grad
    ret = func(self, *args, **kwargs)
          ^^^^^^^^^^^^^^^^^^^^^^^^^^^
  File "/var/scratch/dpp2567/.venvs/cs336-assignment2-systems/lib/python3.12/site-packages/torch/optim/adamw.py", line 232, in step
    has_complex = self._init_group(
                  ^^^^^^^^^^^^^^^^^
  File "/var/scratch/dpp2567/.venvs/cs336-assignment2-systems/lib/python3.12/site-packages/torch/optim/adamw.py", line 175, in _init_group
    state["exp_avg_sq"] = torch.zeros_like(
                          ^^^^^^^^^^^^^^^^^
torch.OutOfMemoryError: CUDA out of memory. Tried to allocate 26.00 MiB. GPU 0 has a total capacity of 10.90 GiB of which 9.31 MiB is free. Including non-PyTorch memory, this process has 10.89 GiB memory in use. Of the allocated memory 10.42 GiB is allocated by PyTorch, and 309.63 MiB is reserved by PyTorch but unallocated. If reserved but unallocated memory is large try setting PYTORCH_CUDA_ALLOC_CONF=expandable_segments:True to avoid fragmentation.  See documentation for Memory Management  (https://pytorch.org/docs/stable/notes/cuda.html#environment-variables)
WARNING: run failed (likely OOM): ctx=256, mode=train_step, amp=none
=== Memory profiling size=large ctx=512 mode=forward amp=none ===
