=== Job info ===
Job ID: 93047
Host: node203
Date: Sat Mar 14 15:15:34 CET 2026

=== FP32 memory profiles (parts a,b) ===
=== Memory profiling size=2.7b ctx=128 mode=forward amp=none ===
Traceback (most recent call last):
  File "<frozen runpy>", line 198, in _run_module_as_main
  File "<frozen runpy>", line 88, in _run_code
  File "/var/scratch/dpp2567/cs336-assignment2-systems/cs336_systems/benchmark.py", line 288, in <module>
    main()
  File "/var/scratch/dpp2567/cs336-assignment2-systems/cs336_systems/benchmark.py", line 125, in main
    ).to(device=device, dtype=dtype)
      ^^^^^^^^^^^^^^^^^^^^^^^^^^^^^^
  File "/var/scratch/dpp2567/.venvs/cs336-assignment2-systems/lib/python3.12/site-packages/torch/nn/modules/module.py", line 1343, in to
    return self._apply(convert)
           ^^^^^^^^^^^^^^^^^^^^
  File "/var/scratch/dpp2567/.venvs/cs336-assignment2-systems/lib/python3.12/site-packages/torch/nn/modules/module.py", line 903, in _apply
    module._apply(fn)
  File "/var/scratch/dpp2567/.venvs/cs336-assignment2-systems/lib/python3.12/site-packages/torch/nn/modules/module.py", line 903, in _apply
    module._apply(fn)
  File "/var/scratch/dpp2567/.venvs/cs336-assignment2-systems/lib/python3.12/site-packages/torch/nn/modules/module.py", line 903, in _apply
    module._apply(fn)
  [Previous line repeated 1 more time]
  File "/var/scratch/dpp2567/.venvs/cs336-assignment2-systems/lib/python3.12/site-packages/torch/nn/modules/module.py", line 930, in _apply
    param_applied = fn(param)
                    ^^^^^^^^^
  File "/var/scratch/dpp2567/.venvs/cs336-assignment2-systems/lib/python3.12/site-packages/torch/nn/modules/module.py", line 1329, in convert
    return t.to(
           ^^^^^
torch.OutOfMemoryError: CUDA out of memory. Tried to allocate 100.00 MiB. GPU 0 has a total capacity of 10.90 GiB of which 25.31 MiB is free. Including non-PyTorch memory, this process has 10.88 GiB memory in use. Of the allocated memory 10.74 GiB is allocated by PyTorch, and 3.78 MiB is reserved by PyTorch but unallocated. If reserved but unallocated memory is large try setting PYTORCH_CUDA_ALLOC_CONF=expandable_segments:True to avoid fragmentation.  See documentation for Memory Management  (https://pytorch.org/docs/stable/notes/cuda.html#environment-variables)
WARNING: run failed (likely OOM): ctx=128, mode=forward, amp=none
=== Memory profiling size=2.7b ctx=128 mode=train_step amp=none ===
Traceback (most recent call last):
  File "<frozen runpy>", line 198, in _run_module_as_main
  File "<frozen runpy>", line 88, in _run_code
  File "/var/scratch/dpp2567/cs336-assignment2-systems/cs336_systems/benchmark.py", line 288, in <module>
    main()
  File "/var/scratch/dpp2567/cs336-assignment2-systems/cs336_systems/benchmark.py", line 125, in main
    ).to(device=device, dtype=dtype)
      ^^^^^^^^^^^^^^^^^^^^^^^^^^^^^^
  File "/var/scratch/dpp2567/.venvs/cs336-assignment2-systems/lib/python3.12/site-packages/torch/nn/modules/module.py", line 1343, in to
    return self._apply(convert)
           ^^^^^^^^^^^^^^^^^^^^
  File "/var/scratch/dpp2567/.venvs/cs336-assignment2-systems/lib/python3.12/site-packages/torch/nn/modules/module.py", line 903, in _apply
    module._apply(fn)
  File "/var/scratch/dpp2567/.venvs/cs336-assignment2-systems/lib/python3.12/site-packages/torch/nn/modules/module.py", line 903, in _apply
    module._apply(fn)
  File "/var/scratch/dpp2567/.venvs/cs336-assignment2-systems/lib/python3.12/site-packages/torch/nn/modules/module.py", line 903, in _apply
    module._apply(fn)
  [Previous line repeated 1 more time]
  File "/var/scratch/dpp2567/.venvs/cs336-assignment2-systems/lib/python3.12/site-packages/torch/nn/modules/module.py", line 930, in _apply
    param_applied = fn(param)
                    ^^^^^^^^^
  File "/var/scratch/dpp2567/.venvs/cs336-assignment2-systems/lib/python3.12/site-packages/torch/nn/modules/module.py", line 1329, in convert
    return t.to(
           ^^^^^
torch.OutOfMemoryError: CUDA out of memory. Tried to allocate 100.00 MiB. GPU 0 has a total capacity of 10.90 GiB of which 25.31 MiB is free. Including non-PyTorch memory, this process has 10.88 GiB memory in use. Of the allocated memory 10.74 GiB is allocated by PyTorch, and 3.78 MiB is reserved by PyTorch but unallocated. If reserved but unallocated memory is large try setting PYTORCH_CUDA_ALLOC_CONF=expandable_segments:True to avoid fragmentation.  See documentation for Memory Management  (https://pytorch.org/docs/stable/notes/cuda.html#environment-variables)
WARNING: run failed (likely OOM): ctx=128, mode=train_step, amp=none
=== Memory profiling size=2.7b ctx=256 mode=forward amp=none ===
Traceback (most recent call last):
  File "<frozen runpy>", line 198, in _run_module_as_main
  File "<frozen runpy>", line 88, in _run_code
  File "/var/scratch/dpp2567/cs336-assignment2-systems/cs336_systems/benchmark.py", line 288, in <module>
    main()
  File "/var/scratch/dpp2567/cs336-assignment2-systems/cs336_systems/benchmark.py", line 125, in main
    ).to(device=device, dtype=dtype)
      ^^^^^^^^^^^^^^^^^^^^^^^^^^^^^^
  File "/var/scratch/dpp2567/.venvs/cs336-assignment2-systems/lib/python3.12/site-packages/torch/nn/modules/module.py", line 1343, in to
    return self._apply(convert)
           ^^^^^^^^^^^^^^^^^^^^
  File "/var/scratch/dpp2567/.venvs/cs336-assignment2-systems/lib/python3.12/site-packages/torch/nn/modules/module.py", line 903, in _apply
    module._apply(fn)
  File "/var/scratch/dpp2567/.venvs/cs336-assignment2-systems/lib/python3.12/site-packages/torch/nn/modules/module.py", line 903, in _apply
    module._apply(fn)
  File "/var/scratch/dpp2567/.venvs/cs336-assignment2-systems/lib/python3.12/site-packages/torch/nn/modules/module.py", line 903, in _apply
    module._apply(fn)
  [Previous line repeated 1 more time]
  File "/var/scratch/dpp2567/.venvs/cs336-assignment2-systems/lib/python3.12/site-packages/torch/nn/modules/module.py", line 930, in _apply
    param_applied = fn(param)
                    ^^^^^^^^^
  File "/var/scratch/dpp2567/.venvs/cs336-assignment2-systems/lib/python3.12/site-packages/torch/nn/modules/module.py", line 1329, in convert
    return t.to(
           ^^^^^
torch.OutOfMemoryError: CUDA out of memory. Tried to allocate 100.00 MiB. GPU 0 has a total capacity of 10.90 GiB of which 25.31 MiB is free. Including non-PyTorch memory, this process has 10.88 GiB memory in use. Of the allocated memory 10.74 GiB is allocated by PyTorch, and 3.74 MiB is reserved by PyTorch but unallocated. If reserved but unallocated memory is large try setting PYTORCH_CUDA_ALLOC_CONF=expandable_segments:True to avoid fragmentation.  See documentation for Memory Management  (https://pytorch.org/docs/stable/notes/cuda.html#environment-variables)
WARNING: run failed (likely OOM): ctx=256, mode=forward, amp=none
=== Memory profiling size=2.7b ctx=256 mode=train_step amp=none ===
Traceback (most recent call last):
  File "<frozen runpy>", line 198, in _run_module_as_main
  File "<frozen runpy>", line 88, in _run_code
  File "/var/scratch/dpp2567/cs336-assignment2-systems/cs336_systems/benchmark.py", line 288, in <module>
    main()
  File "/var/scratch/dpp2567/cs336-assignment2-systems/cs336_systems/benchmark.py", line 125, in main
    ).to(device=device, dtype=dtype)
      ^^^^^^^^^^^^^^^^^^^^^^^^^^^^^^
  File "/var/scratch/dpp2567/.venvs/cs336-assignment2-systems/lib/python3.12/site-packages/torch/nn/modules/module.py", line 1343, in to
    return self._apply(convert)
           ^^^^^^^^^^^^^^^^^^^^
  File "/var/scratch/dpp2567/.venvs/cs336-assignment2-systems/lib/python3.12/site-packages/torch/nn/modules/module.py", line 903, in _apply
    module._apply(fn)
  File "/var/scratch/dpp2567/.venvs/cs336-assignment2-systems/lib/python3.12/site-packages/torch/nn/modules/module.py", line 903, in _apply
    module._apply(fn)
  File "/var/scratch/dpp2567/.venvs/cs336-assignment2-systems/lib/python3.12/site-packages/torch/nn/modules/module.py", line 903, in _apply
    module._apply(fn)
  [Previous line repeated 1 more time]
  File "/var/scratch/dpp2567/.venvs/cs336-assignment2-systems/lib/python3.12/site-packages/torch/nn/modules/module.py", line 930, in _apply
    param_applied = fn(param)
                    ^^^^^^^^^
  File "/var/scratch/dpp2567/.venvs/cs336-assignment2-systems/lib/python3.12/site-packages/torch/nn/modules/module.py", line 1329, in convert
    return t.to(
           ^^^^^
torch.OutOfMemoryError: CUDA out of memory. Tried to allocate 100.00 MiB. GPU 0 has a total capacity of 10.90 GiB of which 25.31 MiB is free. Including non-PyTorch memory, this process has 10.88 GiB memory in use. Of the allocated memory 10.74 GiB is allocated by PyTorch, and 3.74 MiB is reserved by PyTorch but unallocated. If reserved but unallocated memory is large try setting PYTORCH_CUDA_ALLOC_CONF=expandable_segments:True to avoid fragmentation.  See documentation for Memory Management  (https://pytorch.org/docs/stable/notes/cuda.html#environment-variables)
WARNING: run failed (likely OOM): ctx=256, mode=train_step, amp=none
=== Memory profiling size=2.7b ctx=512 mode=forward amp=none ===
Traceback (most recent call last):
  File "<frozen runpy>", line 198, in _run_module_as_main
  File "<frozen runpy>", line 88, in _run_code
  File "/var/scratch/dpp2567/cs336-assignment2-systems/cs336_systems/benchmark.py", line 288, in <module>
    main()
  File "/var/scratch/dpp2567/cs336-assignment2-systems/cs336_systems/benchmark.py", line 125, in main
    ).to(device=device, dtype=dtype)
      ^^^^^^^^^^^^^^^^^^^^^^^^^^^^^^
  File "/var/scratch/dpp2567/.venvs/cs336-assignment2-systems/lib/python3.12/site-packages/torch/nn/modules/module.py", line 1343, in to
    return self._apply(convert)
           ^^^^^^^^^^^^^^^^^^^^
  File "/var/scratch/dpp2567/.venvs/cs336-assignment2-systems/lib/python3.12/site-packages/torch/nn/modules/module.py", line 903, in _apply
    module._apply(fn)
  File "/var/scratch/dpp2567/.venvs/cs336-assignment2-systems/lib/python3.12/site-packages/torch/nn/modules/module.py", line 903, in _apply
    module._apply(fn)
  File "/var/scratch/dpp2567/.venvs/cs336-assignment2-systems/lib/python3.12/site-packages/torch/nn/modules/module.py", line 903, in _apply
    module._apply(fn)
  [Previous line repeated 1 more time]
  File "/var/scratch/dpp2567/.venvs/cs336-assignment2-systems/lib/python3.12/site-packages/torch/nn/modules/module.py", line 930, in _apply
    param_applied = fn(param)
                    ^^^^^^^^^
  File "/var/scratch/dpp2567/.venvs/cs336-assignment2-systems/lib/python3.12/site-packages/torch/nn/modules/module.py", line 1329, in convert
    return t.to(
           ^^^^^
torch.OutOfMemoryError: CUDA out of memory. Tried to allocate 100.00 MiB. GPU 0 has a total capacity of 10.90 GiB of which 25.31 MiB is free. Including non-PyTorch memory, this process has 10.88 GiB memory in use. Of the allocated memory 10.74 GiB is allocated by PyTorch, and 3.66 MiB is reserved by PyTorch but unallocated. If reserved but unallocated memory is large try setting PYTORCH_CUDA_ALLOC_CONF=expandable_segments:True to avoid fragmentation.  See documentation for Memory Management  (https://pytorch.org/docs/stable/notes/cuda.html#environment-variables)
WARNING: run failed (likely OOM): ctx=512, mode=forward, amp=none
=== Memory profiling size=2.7b ctx=512 mode=train_step amp=none ===
Traceback (most recent call last):
  File "<frozen runpy>", line 198, in _run_module_as_main
  File "<frozen runpy>", line 88, in _run_code
  File "/var/scratch/dpp2567/cs336-assignment2-systems/cs336_systems/benchmark.py", line 288, in <module>
    main()
  File "/var/scratch/dpp2567/cs336-assignment2-systems/cs336_systems/benchmark.py", line 125, in main
    ).to(device=device, dtype=dtype)
      ^^^^^^^^^^^^^^^^^^^^^^^^^^^^^^
  File "/var/scratch/dpp2567/.venvs/cs336-assignment2-systems/lib/python3.12/site-packages/torch/nn/modules/module.py", line 1343, in to
    return self._apply(convert)
           ^^^^^^^^^^^^^^^^^^^^
  File "/var/scratch/dpp2567/.venvs/cs336-assignment2-systems/lib/python3.12/site-packages/torch/nn/modules/module.py", line 903, in _apply
    module._apply(fn)
  File "/var/scratch/dpp2567/.venvs/cs336-assignment2-systems/lib/python3.12/site-packages/torch/nn/modules/module.py", line 903, in _apply
    module._apply(fn)
  File "/var/scratch/dpp2567/.venvs/cs336-assignment2-systems/lib/python3.12/site-packages/torch/nn/modules/module.py", line 903, in _apply
    module._apply(fn)
  [Previous line repeated 1 more time]
  File "/var/scratch/dpp2567/.venvs/cs336-assignment2-systems/lib/python3.12/site-packages/torch/nn/modules/module.py", line 930, in _apply
    param_applied = fn(param)
                    ^^^^^^^^^
  File "/var/scratch/dpp2567/.venvs/cs336-assignment2-systems/lib/python3.12/site-packages/torch/nn/modules/module.py", line 1329, in convert
    return t.to(
           ^^^^^
torch.OutOfMemoryError: CUDA out of memory. Tried to allocate 100.00 MiB. GPU 0 has a total capacity of 10.90 GiB of which 25.31 MiB is free. Including non-PyTorch memory, this process has 10.88 GiB memory in use. Of the allocated memory 10.74 GiB is allocated by PyTorch, and 3.66 MiB is reserved by PyTorch but unallocated. If reserved but unallocated memory is large try setting PYTORCH_CUDA_ALLOC_CONF=expandable_segments:True to avoid fragmentation.  See documentation for Memory Management  (https://pytorch.org/docs/stable/notes/cuda.html#environment-variables)
WARNING: run failed (likely OOM): ctx=512, mode=train_step, amp=none
=== Mixed precision memory profiles (part c) ===
=== Memory profiling size=2.7b ctx=128 mode=forward amp=float16 ===
Traceback (most recent call last):
  File "<frozen runpy>", line 198, in _run_module_as_main
  File "<frozen runpy>", line 88, in _run_code
  File "/var/scratch/dpp2567/cs336-assignment2-systems/cs336_systems/benchmark.py", line 288, in <module>
    main()
  File "/var/scratch/dpp2567/cs336-assignment2-systems/cs336_systems/benchmark.py", line 125, in main
    ).to(device=device, dtype=dtype)
      ^^^^^^^^^^^^^^^^^^^^^^^^^^^^^^
  File "/var/scratch/dpp2567/.venvs/cs336-assignment2-systems/lib/python3.12/site-packages/torch/nn/modules/module.py", line 1343, in to
    return self._apply(convert)
           ^^^^^^^^^^^^^^^^^^^^
  File "/var/scratch/dpp2567/.venvs/cs336-assignment2-systems/lib/python3.12/site-packages/torch/nn/modules/module.py", line 903, in _apply
    module._apply(fn)
  File "/var/scratch/dpp2567/.venvs/cs336-assignment2-systems/lib/python3.12/site-packages/torch/nn/modules/module.py", line 903, in _apply
    module._apply(fn)
  File "/var/scratch/dpp2567/.venvs/cs336-assignment2-systems/lib/python3.12/site-packages/torch/nn/modules/module.py", line 903, in _apply
    module._apply(fn)
  [Previous line repeated 1 more time]
  File "/var/scratch/dpp2567/.venvs/cs336-assignment2-systems/lib/python3.12/site-packages/torch/nn/modules/module.py", line 930, in _apply
    param_applied = fn(param)
                    ^^^^^^^^^
  File "/var/scratch/dpp2567/.venvs/cs336-assignment2-systems/lib/python3.12/site-packages/torch/nn/modules/module.py", line 1329, in convert
    return t.to(
           ^^^^^
torch.OutOfMemoryError: CUDA out of memory. Tried to allocate 100.00 MiB. GPU 0 has a total capacity of 10.90 GiB of which 25.31 MiB is free. Including non-PyTorch memory, this process has 10.88 GiB memory in use. Of the allocated memory 10.74 GiB is allocated by PyTorch, and 3.78 MiB is reserved by PyTorch but unallocated. If reserved but unallocated memory is large try setting PYTORCH_CUDA_ALLOC_CONF=expandable_segments:True to avoid fragmentation.  See documentation for Memory Management  (https://pytorch.org/docs/stable/notes/cuda.html#environment-variables)
WARNING: run failed (likely OOM): ctx=128, mode=forward, amp=float16
=== Memory profiling size=2.7b ctx=128 mode=train_step amp=float16 ===
Traceback (most recent call last):
  File "<frozen runpy>", line 198, in _run_module_as_main
  File "<frozen runpy>", line 88, in _run_code
  File "/var/scratch/dpp2567/cs336-assignment2-systems/cs336_systems/benchmark.py", line 288, in <module>
    main()
  File "/var/scratch/dpp2567/cs336-assignment2-systems/cs336_systems/benchmark.py", line 125, in main
    ).to(device=device, dtype=dtype)
      ^^^^^^^^^^^^^^^^^^^^^^^^^^^^^^
  File "/var/scratch/dpp2567/.venvs/cs336-assignment2-systems/lib/python3.12/site-packages/torch/nn/modules/module.py", line 1343, in to
    return self._apply(convert)
           ^^^^^^^^^^^^^^^^^^^^
  File "/var/scratch/dpp2567/.venvs/cs336-assignment2-systems/lib/python3.12/site-packages/torch/nn/modules/module.py", line 903, in _apply
    module._apply(fn)
  File "/var/scratch/dpp2567/.venvs/cs336-assignment2-systems/lib/python3.12/site-packages/torch/nn/modules/module.py", line 903, in _apply
    module._apply(fn)
  File "/var/scratch/dpp2567/.venvs/cs336-assignment2-systems/lib/python3.12/site-packages/torch/nn/modules/module.py", line 903, in _apply
    module._apply(fn)
  [Previous line repeated 1 more time]
  File "/var/scratch/dpp2567/.venvs/cs336-assignment2-systems/lib/python3.12/site-packages/torch/nn/modules/module.py", line 930, in _apply
    param_applied = fn(param)
                    ^^^^^^^^^
  File "/var/scratch/dpp2567/.venvs/cs336-assignment2-systems/lib/python3.12/site-packages/torch/nn/modules/module.py", line 1329, in convert
    return t.to(
           ^^^^^
torch.OutOfMemoryError: CUDA out of memory. Tried to allocate 100.00 MiB. GPU 0 has a total capacity of 10.90 GiB of which 25.31 MiB is free. Including non-PyTorch memory, this process has 10.88 GiB memory in use. Of the allocated memory 10.74 GiB is allocated by PyTorch, and 3.78 MiB is reserved by PyTorch but unallocated. If reserved but unallocated memory is large try setting PYTORCH_CUDA_ALLOC_CONF=expandable_segments:True to avoid fragmentation.  See documentation for Memory Management  (https://pytorch.org/docs/stable/notes/cuda.html#environment-variables)
WARNING: run failed (likely OOM): ctx=128, mode=train_step, amp=float16
=== Memory profiling size=2.7b ctx=256 mode=forward amp=float16 ===
Traceback (most recent call last):
  File "<frozen runpy>", line 198, in _run_module_as_main
  File "<frozen runpy>", line 88, in _run_code
  File "/var/scratch/dpp2567/cs336-assignment2-systems/cs336_systems/benchmark.py", line 288, in <module>
    main()
  File "/var/scratch/dpp2567/cs336-assignment2-systems/cs336_systems/benchmark.py", line 125, in main
    ).to(device=device, dtype=dtype)
      ^^^^^^^^^^^^^^^^^^^^^^^^^^^^^^
  File "/var/scratch/dpp2567/.venvs/cs336-assignment2-systems/lib/python3.12/site-packages/torch/nn/modules/module.py", line 1343, in to
    return self._apply(convert)
           ^^^^^^^^^^^^^^^^^^^^
  File "/var/scratch/dpp2567/.venvs/cs336-assignment2-systems/lib/python3.12/site-packages/torch/nn/modules/module.py", line 903, in _apply
    module._apply(fn)
  File "/var/scratch/dpp2567/.venvs/cs336-assignment2-systems/lib/python3.12/site-packages/torch/nn/modules/module.py", line 903, in _apply
    module._apply(fn)
  File "/var/scratch/dpp2567/.venvs/cs336-assignment2-systems/lib/python3.12/site-packages/torch/nn/modules/module.py", line 903, in _apply
    module._apply(fn)
  [Previous line repeated 1 more time]
  File "/var/scratch/dpp2567/.venvs/cs336-assignment2-systems/lib/python3.12/site-packages/torch/nn/modules/module.py", line 930, in _apply
    param_applied = fn(param)
                    ^^^^^^^^^
  File "/var/scratch/dpp2567/.venvs/cs336-assignment2-systems/lib/python3.12/site-packages/torch/nn/modules/module.py", line 1329, in convert
    return t.to(
           ^^^^^
torch.OutOfMemoryError: CUDA out of memory. Tried to allocate 100.00 MiB. GPU 0 has a total capacity of 10.90 GiB of which 25.31 MiB is free. Including non-PyTorch memory, this process has 10.88 GiB memory in use. Of the allocated memory 10.74 GiB is allocated by PyTorch, and 3.74 MiB is reserved by PyTorch but unallocated. If reserved but unallocated memory is large try setting PYTORCH_CUDA_ALLOC_CONF=expandable_segments:True to avoid fragmentation.  See documentation for Memory Management  (https://pytorch.org/docs/stable/notes/cuda.html#environment-variables)
WARNING: run failed (likely OOM): ctx=256, mode=forward, amp=float16
=== Memory profiling size=2.7b ctx=256 mode=train_step amp=float16 ===
Traceback (most recent call last):
  File "<frozen runpy>", line 198, in _run_module_as_main
  File "<frozen runpy>", line 88, in _run_code
  File "/var/scratch/dpp2567/cs336-assignment2-systems/cs336_systems/benchmark.py", line 288, in <module>
    main()
  File "/var/scratch/dpp2567/cs336-assignment2-systems/cs336_systems/benchmark.py", line 125, in main
    ).to(device=device, dtype=dtype)
      ^^^^^^^^^^^^^^^^^^^^^^^^^^^^^^
  File "/var/scratch/dpp2567/.venvs/cs336-assignment2-systems/lib/python3.12/site-packages/torch/nn/modules/module.py", line 1343, in to
    return self._apply(convert)
           ^^^^^^^^^^^^^^^^^^^^
  File "/var/scratch/dpp2567/.venvs/cs336-assignment2-systems/lib/python3.12/site-packages/torch/nn/modules/module.py", line 903, in _apply
    module._apply(fn)
  File "/var/scratch/dpp2567/.venvs/cs336-assignment2-systems/lib/python3.12/site-packages/torch/nn/modules/module.py", line 903, in _apply
    module._apply(fn)
  File "/var/scratch/dpp2567/.venvs/cs336-assignment2-systems/lib/python3.12/site-packages/torch/nn/modules/module.py", line 903, in _apply
    module._apply(fn)
  [Previous line repeated 1 more time]
  File "/var/scratch/dpp2567/.venvs/cs336-assignment2-systems/lib/python3.12/site-packages/torch/nn/modules/module.py", line 930, in _apply
    param_applied = fn(param)
                    ^^^^^^^^^
  File "/var/scratch/dpp2567/.venvs/cs336-assignment2-systems/lib/python3.12/site-packages/torch/nn/modules/module.py", line 1329, in convert
    return t.to(
           ^^^^^
torch.OutOfMemoryError: CUDA out of memory. Tried to allocate 100.00 MiB. GPU 0 has a total capacity of 10.90 GiB of which 25.31 MiB is free. Including non-PyTorch memory, this process has 10.88 GiB memory in use. Of the allocated memory 10.74 GiB is allocated by PyTorch, and 3.74 MiB is reserved by PyTorch but unallocated. If reserved but unallocated memory is large try setting PYTORCH_CUDA_ALLOC_CONF=expandable_segments:True to avoid fragmentation.  See documentation for Memory Management  (https://pytorch.org/docs/stable/notes/cuda.html#environment-variables)
WARNING: run failed (likely OOM): ctx=256, mode=train_step, amp=float16
=== Memory profiling size=2.7b ctx=512 mode=forward amp=float16 ===
Traceback (most recent call last):
  File "<frozen runpy>", line 198, in _run_module_as_main
  File "<frozen runpy>", line 88, in _run_code
  File "/var/scratch/dpp2567/cs336-assignment2-systems/cs336_systems/benchmark.py", line 288, in <module>
    main()
  File "/var/scratch/dpp2567/cs336-assignment2-systems/cs336_systems/benchmark.py", line 125, in main
    ).to(device=device, dtype=dtype)
      ^^^^^^^^^^^^^^^^^^^^^^^^^^^^^^
  File "/var/scratch/dpp2567/.venvs/cs336-assignment2-systems/lib/python3.12/site-packages/torch/nn/modules/module.py", line 1343, in to
    return self._apply(convert)
           ^^^^^^^^^^^^^^^^^^^^
  File "/var/scratch/dpp2567/.venvs/cs336-assignment2-systems/lib/python3.12/site-packages/torch/nn/modules/module.py", line 903, in _apply
    module._apply(fn)
  File "/var/scratch/dpp2567/.venvs/cs336-assignment2-systems/lib/python3.12/site-packages/torch/nn/modules/module.py", line 903, in _apply
    module._apply(fn)
  File "/var/scratch/dpp2567/.venvs/cs336-assignment2-systems/lib/python3.12/site-packages/torch/nn/modules/module.py", line 903, in _apply
    module._apply(fn)
  [Previous line repeated 1 more time]
  File "/var/scratch/dpp2567/.venvs/cs336-assignment2-systems/lib/python3.12/site-packages/torch/nn/modules/module.py", line 930, in _apply
    param_applied = fn(param)
                    ^^^^^^^^^
  File "/var/scratch/dpp2567/.venvs/cs336-assignment2-systems/lib/python3.12/site-packages/torch/nn/modules/module.py", line 1329, in convert
    return t.to(
           ^^^^^
torch.OutOfMemoryError: CUDA out of memory. Tried to allocate 100.00 MiB. GPU 0 has a total capacity of 10.90 GiB of which 25.31 MiB is free. Including non-PyTorch memory, this process has 10.88 GiB memory in use. Of the allocated memory 10.74 GiB is allocated by PyTorch, and 3.66 MiB is reserved by PyTorch but unallocated. If reserved but unallocated memory is large try setting PYTORCH_CUDA_ALLOC_CONF=expandable_segments:True to avoid fragmentation.  See documentation for Memory Management  (https://pytorch.org/docs/stable/notes/cuda.html#environment-variables)
WARNING: run failed (likely OOM): ctx=512, mode=forward, amp=float16
=== Memory profiling size=2.7b ctx=512 mode=train_step amp=float16 ===
Traceback (most recent call last):
  File "<frozen runpy>", line 198, in _run_module_as_main
  File "<frozen runpy>", line 88, in _run_code
  File "/var/scratch/dpp2567/cs336-assignment2-systems/cs336_systems/benchmark.py", line 288, in <module>
    main()
  File "/var/scratch/dpp2567/cs336-assignment2-systems/cs336_systems/benchmark.py", line 125, in main
    ).to(device=device, dtype=dtype)
      ^^^^^^^^^^^^^^^^^^^^^^^^^^^^^^
  File "/var/scratch/dpp2567/.venvs/cs336-assignment2-systems/lib/python3.12/site-packages/torch/nn/modules/module.py", line 1343, in to
    return self._apply(convert)
           ^^^^^^^^^^^^^^^^^^^^
  File "/var/scratch/dpp2567/.venvs/cs336-assignment2-systems/lib/python3.12/site-packages/torch/nn/modules/module.py", line 903, in _apply
    module._apply(fn)
  File "/var/scratch/dpp2567/.venvs/cs336-assignment2-systems/lib/python3.12/site-packages/torch/nn/modules/module.py", line 903, in _apply
    module._apply(fn)
  File "/var/scratch/dpp2567/.venvs/cs336-assignment2-systems/lib/python3.12/site-packages/torch/nn/modules/module.py", line 903, in _apply
    module._apply(fn)
  [Previous line repeated 1 more time]
  File "/var/scratch/dpp2567/.venvs/cs336-assignment2-systems/lib/python3.12/site-packages/torch/nn/modules/module.py", line 930, in _apply
    param_applied = fn(param)
                    ^^^^^^^^^
  File "/var/scratch/dpp2567/.venvs/cs336-assignment2-systems/lib/python3.12/site-packages/torch/nn/modules/module.py", line 1329, in convert
    return t.to(
           ^^^^^
torch.OutOfMemoryError: CUDA out of memory. Tried to allocate 100.00 MiB. GPU 0 has a total capacity of 10.90 GiB of which 25.31 MiB is free. Including non-PyTorch memory, this process has 10.88 GiB memory in use. Of the allocated memory 10.74 GiB is allocated by PyTorch, and 3.66 MiB is reserved by PyTorch but unallocated. If reserved but unallocated memory is large try setting PYTORCH_CUDA_ALLOC_CONF=expandable_segments:True to avoid fragmentation.  See documentation for Memory Management  (https://pytorch.org/docs/stable/notes/cuda.html#environment-variables)
WARNING: run failed (likely OOM): ctx=512, mode=train_step, amp=float16
=== Done ===
Sat Mar 14 15:22:37 CET 2026
