change uv cache dir to /var/scratch/dpp2567/.uv_cache
[rank0]:[W315 05:43:54.739296363 ProcessGroupNCCL.cpp:1496] Warning: WARNING: destroy_process_group() was not called before program exit, which can leak resources. For more info, please see https://pytorch.org/docs/stable/distributed.html#shutdown (function operator())
W0315 05:43:55.586000 2544710 torch/multiprocessing/spawn.py:169] Terminating process 2544713 via signal SIGTERM
Traceback (most recent call last):
  File "<frozen runpy>", line 198, in _run_module_as_main
  File "<frozen runpy>", line 88, in _run_code
  File "/var/scratch/dpp2567/cs336-assignment2-systems/cs336_systems/minimal_ddp_flat_benchmark.py", line 184, in <module>
    main()
  File "/var/scratch/dpp2567/cs336-assignment2-systems/cs336_systems/minimal_ddp_flat_benchmark.py", line 180, in main
    mp.spawn(_worker, args=(args,), nprocs=args.world_size, join=True)
  File "/var/scratch/dpp2567/.venvs/cs336-assignment2-systems/lib/python3.12/site-packages/torch/multiprocessing/spawn.py", line 340, in spawn
    return start_processes(fn, args, nprocs, join, daemon, start_method="spawn")
           ^^^^^^^^^^^^^^^^^^^^^^^^^^^^^^^^^^^^^^^^^^^^^^^^^^^^^^^^^^^^^^^^^^^^^
  File "/var/scratch/dpp2567/.venvs/cs336-assignment2-systems/lib/python3.12/site-packages/torch/multiprocessing/spawn.py", line 296, in start_processes
    while not context.join():
              ^^^^^^^^^^^^^^
  File "/var/scratch/dpp2567/.venvs/cs336-assignment2-systems/lib/python3.12/site-packages/torch/multiprocessing/spawn.py", line 215, in join
    raise ProcessRaisedException(msg, error_index, failed_process.pid)
torch.multiprocessing.spawn.ProcessRaisedException: 

-- Process 1 terminated with the following error:
Traceback (most recent call last):
  File "/var/scratch/dpp2567/.venvs/cs336-assignment2-systems/lib/python3.12/site-packages/torch/multiprocessing/spawn.py", line 90, in _wrap
    fn(i, *args)
  File "/var/scratch/dpp2567/cs336-assignment2-systems/cs336_systems/minimal_ddp_flat_benchmark.py", line 140, in _worker
    results_by_mode[mode] = _bench_one_mode(model, optimizer, local_bs, args, device, mode)
                            ^^^^^^^^^^^^^^^^^^^^^^^^^^^^^^^^^^^^^^^^^^^^^^^^^^^^^^^^^^^^^^^
  File "/var/scratch/dpp2567/cs336-assignment2-systems/cs336_systems/minimal_ddp_flat_benchmark.py", line 77, in _bench_one_mode
    _ = one_step()
        ^^^^^^^^^^
  File "/var/scratch/dpp2567/cs336-assignment2-systems/cs336_systems/minimal_ddp_flat_benchmark.py", line 58, in one_step
    logits = model(x)
             ^^^^^^^^
  File "/var/scratch/dpp2567/.venvs/cs336-assignment2-systems/lib/python3.12/site-packages/torch/nn/modules/module.py", line 1739, in _wrapped_call_impl
    return self._call_impl(*args, **kwargs)
           ^^^^^^^^^^^^^^^^^^^^^^^^^^^^^^^^
  File "/var/scratch/dpp2567/.venvs/cs336-assignment2-systems/lib/python3.12/site-packages/torch/nn/modules/module.py", line 1750, in _call_impl
    return forward_call(*args, **kwargs)
           ^^^^^^^^^^^^^^^^^^^^^^^^^^^^^
  File "/var/scratch/dpp2567/cs336-assignment2-systems/cs336-basics/cs336_basics/model.py", line 247, in forward
    x = layer(x)
        ^^^^^^^^
  File "/var/scratch/dpp2567/.venvs/cs336-assignment2-systems/lib/python3.12/site-packages/torch/nn/modules/module.py", line 1739, in _wrapped_call_impl
    return self._call_impl(*args, **kwargs)
           ^^^^^^^^^^^^^^^^^^^^^^^^^^^^^^^^
  File "/var/scratch/dpp2567/.venvs/cs336-assignment2-systems/lib/python3.12/site-packages/torch/nn/modules/module.py", line 1750, in _call_impl
    return forward_call(*args, **kwargs)
           ^^^^^^^^^^^^^^^^^^^^^^^^^^^^^
  File "/var/scratch/dpp2567/cs336-assignment2-systems/cs336-basics/cs336_basics/model.py", line 380, in forward
    x_attn = self.attn(self.ln1(x))
             ^^^^^^^^^^^^^^^^^^^^^^
  File "/var/scratch/dpp2567/.venvs/cs336-assignment2-systems/lib/python3.12/site-packages/torch/nn/modules/module.py", line 1739, in _wrapped_call_impl
    return self._call_impl(*args, **kwargs)
           ^^^^^^^^^^^^^^^^^^^^^^^^^^^^^^^^
  File "/var/scratch/dpp2567/.venvs/cs336-assignment2-systems/lib/python3.12/site-packages/torch/nn/modules/module.py", line 1750, in _call_impl
    return forward_call(*args, **kwargs)
           ^^^^^^^^^^^^^^^^^^^^^^^^^^^^^
  File "/var/scratch/dpp2567/cs336-assignment2-systems/cs336-basics/cs336_basics/model.py", line 516, in forward
    attn_output = scaled_dot_product_attention(K=K, Q=Q, V=V, mask=causal_mask)
                  ^^^^^^^^^^^^^^^^^^^^^^^^^^^^^^^^^^^^^^^^^^^^^^^^^^^^^^^^^^^^^
  File "/var/scratch/dpp2567/cs336-assignment2-systems/cs336-basics/cs336_basics/model.py", line 425, in scaled_dot_product_attention
    attention_scores = einsum(Q, K, "... query d_k, ... key d_k -> ... query key") / math.sqrt(d_k)
                       ~~~~~~~~~~~~~~~~~~~~~~~~~~~~~~~~~~~~~~~~~~~~~~~~~~~~~~~~~~~~^~~~~~~~~~~~~~~~
torch.OutOfMemoryError: CUDA out of memory. Tried to allocate 20.00 MiB. GPU 1 has a total capacity of 23.46 GiB of which 4.81 MiB is free. Including non-PyTorch memory, this process has 23.46 GiB memory in use. Of the allocated memory 23.18 GiB is allocated by PyTorch, and 4.72 MiB is reserved by PyTorch but unallocated. If reserved but unallocated memory is large try setting PYTORCH_CUDA_ALLOC_CONF=expandable_segments:True to avoid fragmentation.  See documentation for Memory Management  (https://pytorch.org/docs/stable/notes/cuda.html#environment-variables)

