Running full model benchmark with torch.compile optimizations...
=== vanilla size=small mode=forward ===
=== compiled size=small mode=forward ===
In file included from /tmp/tmpe7x5153s/main.c:1:
/var/scratch/dpp2567/.venvs/cs336-assignment2-systems/lib/python3.12/site-packages/triton/backends/nvidia/include/cuda.h:56:10: fatal error: stdlib.h: No such file or directory
   56 | #include <stdlib.h>
      |          ^~~~~~~~~~
compilation terminated.
Traceback (most recent call last):
  File "<frozen runpy>", line 198, in _run_module_as_main
  File "<frozen runpy>", line 88, in _run_code
  File "/var/scratch/dpp2567/cs336-assignment2-systems/cs336_systems/benchmark.py", line 296, in <module>
    main()
  File "/var/scratch/dpp2567/cs336-assignment2-systems/cs336_systems/benchmark.py", line 201, in main
    run_step(profiled=False)
  File "/var/scratch/dpp2567/cs336-assignment2-systems/cs336_systems/benchmark.py", line 170, in run_step
    logits = model(x)
             ^^^^^^^^
  File "/var/scratch/dpp2567/.venvs/cs336-assignment2-systems/lib/python3.12/site-packages/torch/nn/modules/module.py", line 1739, in _wrapped_call_impl
    return self._call_impl(*args, **kwargs)
           ^^^^^^^^^^^^^^^^^^^^^^^^^^^^^^^^
  File "/var/scratch/dpp2567/.venvs/cs336-assignment2-systems/lib/python3.12/site-packages/torch/nn/modules/module.py", line 1750, in _call_impl
    return forward_call(*args, **kwargs)
           ^^^^^^^^^^^^^^^^^^^^^^^^^^^^^
  File "/var/scratch/dpp2567/.venvs/cs336-assignment2-systems/lib/python3.12/site-packages/torch/_dynamo/eval_frame.py", line 574, in _fn
    return fn(*args, **kwargs)
           ^^^^^^^^^^^^^^^^^^^
  File "/var/scratch/dpp2567/.venvs/cs336-assignment2-systems/lib/python3.12/site-packages/torch/nn/modules/module.py", line 1739, in _wrapped_call_impl
    return self._call_impl(*args, **kwargs)
           ^^^^^^^^^^^^^^^^^^^^^^^^^^^^^^^^
  File "/var/scratch/dpp2567/.venvs/cs336-assignment2-systems/lib/python3.12/site-packages/torch/nn/modules/module.py", line 1750, in _call_impl
    return forward_call(*args, **kwargs)
           ^^^^^^^^^^^^^^^^^^^^^^^^^^^^^
  File "/var/scratch/dpp2567/.venvs/cs336-assignment2-systems/lib/python3.12/site-packages/torch/_dynamo/convert_frame.py", line 1380, in __call__
    return self._torchdynamo_orig_callable(
           ^^^^^^^^^^^^^^^^^^^^^^^^^^^^^^^^
  File "/var/scratch/dpp2567/.venvs/cs336-assignment2-systems/lib/python3.12/site-packages/torch/_dynamo/convert_frame.py", line 1164, in __call__
    result = self._inner_convert(
             ^^^^^^^^^^^^^^^^^^^^
  File "/var/scratch/dpp2567/.venvs/cs336-assignment2-systems/lib/python3.12/site-packages/torch/_dynamo/convert_frame.py", line 547, in __call__
    return _compile(
           ^^^^^^^^^
  File "/var/scratch/dpp2567/.venvs/cs336-assignment2-systems/lib/python3.12/site-packages/torch/_dynamo/convert_frame.py", line 986, in _compile
    guarded_code = compile_inner(code, one_graph, hooks, transform)
                   ^^^^^^^^^^^^^^^^^^^^^^^^^^^^^^^^^^^^^^^^^^^^^^^^
  File "/var/scratch/dpp2567/.venvs/cs336-assignment2-systems/lib/python3.12/site-packages/torch/_dynamo/convert_frame.py", line 715, in compile_inner
    return _compile_inner(code, one_graph, hooks, transform)
           ^^^^^^^^^^^^^^^^^^^^^^^^^^^^^^^^^^^^^^^^^^^^^^^^^
  File "/var/scratch/dpp2567/.venvs/cs336-assignment2-systems/lib/python3.12/site-packages/torch/_utils_internal.py", line 95, in wrapper_function
    return function(*args, **kwargs)
           ^^^^^^^^^^^^^^^^^^^^^^^^^
  File "/var/scratch/dpp2567/.venvs/cs336-assignment2-systems/lib/python3.12/site-packages/torch/_dynamo/convert_frame.py", line 750, in _compile_inner
    out_code = transform_code_object(code, transform)
               ^^^^^^^^^^^^^^^^^^^^^^^^^^^^^^^^^^^^^^
  File "/var/scratch/dpp2567/.venvs/cs336-assignment2-systems/lib/python3.12/site-packages/torch/_dynamo/bytecode_transformation.py", line 1361, in transform_code_object
    transformations(instructions, code_options)
  File "/var/scratch/dpp2567/.venvs/cs336-assignment2-systems/lib/python3.12/site-packages/torch/_dynamo/convert_frame.py", line 231, in _fn
    return fn(*args, **kwargs)
           ^^^^^^^^^^^^^^^^^^^
  File "/var/scratch/dpp2567/.venvs/cs336-assignment2-systems/lib/python3.12/site-packages/torch/_dynamo/convert_frame.py", line 662, in transform
    tracer.run()
  File "/var/scratch/dpp2567/.venvs/cs336-assignment2-systems/lib/python3.12/site-packages/torch/_dynamo/symbolic_convert.py", line 2868, in run
    super().run()
  File "/var/scratch/dpp2567/.venvs/cs336-assignment2-systems/lib/python3.12/site-packages/torch/_dynamo/symbolic_convert.py", line 1052, in run
    while self.step():
          ^^^^^^^^^^^
  File "/var/scratch/dpp2567/.venvs/cs336-assignment2-systems/lib/python3.12/site-packages/torch/_dynamo/symbolic_convert.py", line 962, in step
    self.dispatch_table[inst.opcode](self, inst)
  File "/var/scratch/dpp2567/.venvs/cs336-assignment2-systems/lib/python3.12/site-packages/torch/_dynamo/symbolic_convert.py", line 3048, in RETURN_VALUE
    self._return(inst)
  File "/var/scratch/dpp2567/.venvs/cs336-assignment2-systems/lib/python3.12/site-packages/torch/_dynamo/symbolic_convert.py", line 3033, in _return
    self.output.compile_subgraph(
  File "/var/scratch/dpp2567/.venvs/cs336-assignment2-systems/lib/python3.12/site-packages/torch/_dynamo/output_graph.py", line 1136, in compile_subgraph
    self.compile_and_call_fx_graph(
  File "/var/scratch/dpp2567/.venvs/cs336-assignment2-systems/lib/python3.12/site-packages/torch/_dynamo/output_graph.py", line 1382, in compile_and_call_fx_graph
    compiled_fn = self.call_user_compiler(gm)
                  ^^^^^^^^^^^^^^^^^^^^^^^^^^^
  File "/var/scratch/dpp2567/.venvs/cs336-assignment2-systems/lib/python3.12/site-packages/torch/_dynamo/output_graph.py", line 1432, in call_user_compiler
    return self._call_user_compiler(gm)
           ^^^^^^^^^^^^^^^^^^^^^^^^^^^^
  File "/var/scratch/dpp2567/.venvs/cs336-assignment2-systems/lib/python3.12/site-packages/torch/_dynamo/output_graph.py", line 1483, in _call_user_compiler
    raise BackendCompilerFailed(self.compiler_fn, e).with_traceback(
  File "/var/scratch/dpp2567/.venvs/cs336-assignment2-systems/lib/python3.12/site-packages/torch/_dynamo/output_graph.py", line 1462, in _call_user_compiler
    compiled_fn = compiler_fn(gm, self.example_inputs())
                  ^^^^^^^^^^^^^^^^^^^^^^^^^^^^^^^^^^^^^^
  File "/var/scratch/dpp2567/.venvs/cs336-assignment2-systems/lib/python3.12/site-packages/torch/_dynamo/repro/after_dynamo.py", line 130, in __call__
    compiled_gm = compiler_fn(gm, example_inputs)
                  ^^^^^^^^^^^^^^^^^^^^^^^^^^^^^^^
  File "/var/scratch/dpp2567/.venvs/cs336-assignment2-systems/lib/python3.12/site-packages/torch/__init__.py", line 2340, in __call__
    return compile_fx(model_, inputs_, config_patches=self.config)
           ^^^^^^^^^^^^^^^^^^^^^^^^^^^^^^^^^^^^^^^^^^^^^^^^^^^^^^^
  File "/var/scratch/dpp2567/.venvs/cs336-assignment2-systems/lib/python3.12/site-packages/torch/_inductor/compile_fx.py", line 1863, in compile_fx
    return aot_autograd(
           ^^^^^^^^^^^^^
  File "/var/scratch/dpp2567/.venvs/cs336-assignment2-systems/lib/python3.12/site-packages/torch/_dynamo/backends/common.py", line 83, in __call__
    cg = aot_module_simplified(gm, example_inputs, **self.kwargs)
         ^^^^^^^^^^^^^^^^^^^^^^^^^^^^^^^^^^^^^^^^^^^^^^^^^^^^^^^^
  File "/var/scratch/dpp2567/.venvs/cs336-assignment2-systems/lib/python3.12/site-packages/torch/_functorch/aot_autograd.py", line 1155, in aot_module_simplified
    compiled_fn = dispatch_and_compile()
                  ^^^^^^^^^^^^^^^^^^^^^^
  File "/var/scratch/dpp2567/.venvs/cs336-assignment2-systems/lib/python3.12/site-packages/torch/_functorch/aot_autograd.py", line 1131, in dispatch_and_compile
    compiled_fn, _ = create_aot_dispatcher_function(
                     ^^^^^^^^^^^^^^^^^^^^^^^^^^^^^^^
  File "/var/scratch/dpp2567/.venvs/cs336-assignment2-systems/lib/python3.12/site-packages/torch/_functorch/aot_autograd.py", line 580, in create_aot_dispatcher_function
    return _create_aot_dispatcher_function(
           ^^^^^^^^^^^^^^^^^^^^^^^^^^^^^^^^
  File "/var/scratch/dpp2567/.venvs/cs336-assignment2-systems/lib/python3.12/site-packages/torch/_functorch/aot_autograd.py", line 830, in _create_aot_dispatcher_function
    compiled_fn, fw_metadata = compiler_fn(
                               ^^^^^^^^^^^^
  File "/var/scratch/dpp2567/.venvs/cs336-assignment2-systems/lib/python3.12/site-packages/torch/_functorch/_aot_autograd/jit_compile_runtime_wrappers.py", line 678, in aot_dispatch_autograd
    compiled_fw_func = aot_config.fw_compiler(fw_module, adjusted_flat_args)
                       ^^^^^^^^^^^^^^^^^^^^^^^^^^^^^^^^^^^^^^^^^^^^^^^^^^^^^
  File "/var/scratch/dpp2567/.venvs/cs336-assignment2-systems/lib/python3.12/site-packages/torch/_functorch/aot_autograd.py", line 489, in __call__
    return self.compiler_fn(gm, example_inputs)
           ^^^^^^^^^^^^^^^^^^^^^^^^^^^^^^^^^^^^
  File "/var/scratch/dpp2567/.venvs/cs336-assignment2-systems/lib/python3.12/site-packages/torch/_inductor/compile_fx.py", line 1741, in fw_compiler_base
    return inner_compile(
           ^^^^^^^^^^^^^^
  File "/var/scratch/dpp2567/.venvs/cs336-assignment2-systems/lib/python3.12/site-packages/torch/_inductor/compile_fx.py", line 569, in compile_fx_inner
    return wrap_compiler_debug(_compile_fx_inner, compiler_name="inductor")(
           ^^^^^^^^^^^^^^^^^^^^^^^^^^^^^^^^^^^^^^^^^^^^^^^^^^^^^^^^^^^^^^^^^
  File "/var/scratch/dpp2567/.venvs/cs336-assignment2-systems/lib/python3.12/site-packages/torch/_dynamo/repro/after_aot.py", line 102, in debug_wrapper
    inner_compiled_fn = compiler_fn(gm, example_inputs)
                        ^^^^^^^^^^^^^^^^^^^^^^^^^^^^^^^
  File "/var/scratch/dpp2567/.venvs/cs336-assignment2-systems/lib/python3.12/site-packages/torch/_inductor/compile_fx.py", line 685, in _compile_fx_inner
    mb_compiled_graph = fx_codegen_and_compile(
                        ^^^^^^^^^^^^^^^^^^^^^^^
  File "/var/scratch/dpp2567/.venvs/cs336-assignment2-systems/lib/python3.12/site-packages/torch/_inductor/compile_fx.py", line 1129, in fx_codegen_and_compile
    return scheme.codegen_and_compile(gm, example_inputs, inputs_to_check, graph_kwargs)
           ^^^^^^^^^^^^^^^^^^^^^^^^^^^^^^^^^^^^^^^^^^^^^^^^^^^^^^^^^^^^^^^^^^^^^^^^^^^^^
  File "/var/scratch/dpp2567/.venvs/cs336-assignment2-systems/lib/python3.12/site-packages/torch/_inductor/compile_fx.py", line 1044, in codegen_and_compile
    compiled_fn = graph.compile_to_module().call
                  ^^^^^^^^^^^^^^^^^^^^^^^^^
  File "/var/scratch/dpp2567/.venvs/cs336-assignment2-systems/lib/python3.12/site-packages/torch/_inductor/graph.py", line 2027, in compile_to_module
    return self._compile_to_module()
           ^^^^^^^^^^^^^^^^^^^^^^^^^
  File "/var/scratch/dpp2567/.venvs/cs336-assignment2-systems/lib/python3.12/site-packages/torch/_inductor/graph.py", line 2033, in _compile_to_module
    self.codegen_with_cpp_wrapper() if self.cpp_wrapper else self.codegen()
                                                             ^^^^^^^^^^^^^^
  File "/var/scratch/dpp2567/.venvs/cs336-assignment2-systems/lib/python3.12/site-packages/torch/_inductor/graph.py", line 1968, in codegen
    self.scheduler.codegen()
  File "/var/scratch/dpp2567/.venvs/cs336-assignment2-systems/lib/python3.12/site-packages/torch/_inductor/scheduler.py", line 3477, in codegen
    return self._codegen()
           ^^^^^^^^^^^^^^^
  File "/var/scratch/dpp2567/.venvs/cs336-assignment2-systems/lib/python3.12/site-packages/torch/_inductor/scheduler.py", line 3554, in _codegen
    self.get_backend(device).codegen_node(node)
  File "/var/scratch/dpp2567/.venvs/cs336-assignment2-systems/lib/python3.12/site-packages/torch/_inductor/codegen/cuda_combined_scheduling.py", line 80, in codegen_node
    return self._triton_scheduling.codegen_node(node)
           ^^^^^^^^^^^^^^^^^^^^^^^^^^^^^^^^^^^^^^^^^^
  File "/var/scratch/dpp2567/.venvs/cs336-assignment2-systems/lib/python3.12/site-packages/torch/_inductor/codegen/simd.py", line 1219, in codegen_node
    return self.codegen_node_schedule(
           ^^^^^^^^^^^^^^^^^^^^^^^^^^^
  File "/var/scratch/dpp2567/.venvs/cs336-assignment2-systems/lib/python3.12/site-packages/torch/_inductor/codegen/simd.py", line 1263, in codegen_node_schedule
    src_code = kernel.codegen_kernel()
               ^^^^^^^^^^^^^^^^^^^^^^^
  File "/var/scratch/dpp2567/.venvs/cs336-assignment2-systems/lib/python3.12/site-packages/torch/_inductor/codegen/triton.py", line 3154, in codegen_kernel
    **self.inductor_meta_common(),
      ^^^^^^^^^^^^^^^^^^^^^^^^^^^
  File "/var/scratch/dpp2567/.venvs/cs336-assignment2-systems/lib/python3.12/site-packages/torch/_inductor/codegen/triton.py", line 3013, in inductor_meta_common
    "backend_hash": torch.utils._triton.triton_hash_with_backend(),
                    ^^^^^^^^^^^^^^^^^^^^^^^^^^^^^^^^^^^^^^^^^^^^^^
  File "/var/scratch/dpp2567/.venvs/cs336-assignment2-systems/lib/python3.12/site-packages/torch/utils/_triton.py", line 111, in triton_hash_with_backend
    backend = triton_backend()
              ^^^^^^^^^^^^^^^^
  File "/var/scratch/dpp2567/.venvs/cs336-assignment2-systems/lib/python3.12/site-packages/torch/utils/_triton.py", line 103, in triton_backend
    target = driver.active.get_current_target()
             ^^^^^^^^^^^^^^^^^^^^^^^^^^^^^^^^
  File "/var/scratch/dpp2567/.venvs/cs336-assignment2-systems/lib/python3.12/site-packages/triton/runtime/driver.py", line 23, in __getattr__
    self._initialize_obj()
  File "/var/scratch/dpp2567/.venvs/cs336-assignment2-systems/lib/python3.12/site-packages/triton/runtime/driver.py", line 20, in _initialize_obj
    self._obj = self._init_fn()
                ^^^^^^^^^^^^^^^
  File "/var/scratch/dpp2567/.venvs/cs336-assignment2-systems/lib/python3.12/site-packages/triton/runtime/driver.py", line 9, in _create_driver
    return actives[0]()
           ^^^^^^^^^^^^
  File "/var/scratch/dpp2567/.venvs/cs336-assignment2-systems/lib/python3.12/site-packages/triton/backends/nvidia/driver.py", line 450, in __init__
    self.utils = CudaUtils()  # TODO: make static
                 ^^^^^^^^^^^
  File "/var/scratch/dpp2567/.venvs/cs336-assignment2-systems/lib/python3.12/site-packages/triton/backends/nvidia/driver.py", line 80, in __init__
    mod = compile_module_from_src(Path(os.path.join(dirname, "driver.c")).read_text(), "cuda_utils")
          ^^^^^^^^^^^^^^^^^^^^^^^^^^^^^^^^^^^^^^^^^^^^^^^^^^^^^^^^^^^^^^^^^^^^^^^^^^^^^^^^^^^^^^^^^^
  File "/var/scratch/dpp2567/.venvs/cs336-assignment2-systems/lib/python3.12/site-packages/triton/backends/nvidia/driver.py", line 57, in compile_module_from_src
    so = _build(name, src_path, tmpdir, library_dirs(), include_dir, libraries)
         ^^^^^^^^^^^^^^^^^^^^^^^^^^^^^^^^^^^^^^^^^^^^^^^^^^^^^^^^^^^^^^^^^^^^^^
  File "/var/scratch/dpp2567/.venvs/cs336-assignment2-systems/lib/python3.12/site-packages/triton/runtime/build.py", line 50, in _build
    ret = subprocess.check_call(cc_cmd)
          ^^^^^^^^^^^^^^^^^^^^^^^^^^^^^
  File "/home/dpp2567/.local/share/uv/python/cpython-3.12.13-linux-x86_64-gnu/lib/python3.12/subprocess.py", line 413, in check_call
    raise CalledProcessError(retcode, cmd)
torch._dynamo.exc.BackendCompilerFailed: backend='inductor' raised:
CalledProcessError: Command '['/opt/ohpc/pub/compiler/gcc/12.4.0/bin/gcc', '/tmp/tmpe7x5153s/main.c', '-O3', '-shared', '-fPIC', '-Wno-psabi', '-o', '/tmp/tmpe7x5153s/cuda_utils.cpython-312-x86_64-linux-gnu.so', '-lcuda', '-L/var/scratch/dpp2567/.venvs/cs336-assignment2-systems/lib/python3.12/site-packages/triton/backends/nvidia/lib', '-L/cm/local/apps/cuda-driver/libs/current/lib64', '-I/var/scratch/dpp2567/.venvs/cs336-assignment2-systems/lib/python3.12/site-packages/triton/backends/nvidia/include', '-I/tmp/tmpe7x5153s', '-I/home/dpp2567/.local/share/uv/python/cpython-3.12.13-linux-x86_64-gnu/include/python3.12']' returned non-zero exit status 1.

Set TORCH_LOGS="+dynamo" and TORCHDYNAMO_VERBOSE=1 for more information


You can suppress this exception and fall back to eager by setting:
    import torch._dynamo
    torch._dynamo.config.suppress_errors = True

